2024-11-24 15:23:00 | INFO | repo=esp-idf | action=test | passed=true
2025-03-21 15:01:00 | DEBUG | repo=esp-idf | action=commit
2024-11-10 16:52:00 | DEBUG | repo=esp-idf | action=test | passed=true
2025-05-21 10:14:00 | DEBUG | repo=esp-idf | action=edit | files=2
2024-01-18 21:39:00 | WARN | repo=esp-idf | action=edit | files=4
2025-08-03 07:08:00 | WARN | repo=esp-idf | action=edit | files=1
2025-05-12 11:28:00 | DEBUG | repo=esp-idf | action=commit
2024-03-03 14:41:00 | INFO | repo=esp-idf | action=commit
2024-11-22 21:17:00 | WARN | repo=esp-idf | action=commit
2025-02-25 17:57:00 | INFO | repo=esp-idf | action=commit
2024-09-12 18:30:00 | WARN | repo=esp-idf | action=test | passed=true
2024-03-07 07:31:00 | INFO | repo=esp-idf | action=edit | files=2
2024-11-09 07:40:00 | WARN | repo=esp-idf | action=test | passed=true
2025-04-22 19:47:00 | WARN | repo=esp-idf | action=commit
2024-06-02 11:27:00 | WARN | repo=esp-idf | action=commit
2024-04-17 08:19:00 | INFO | repo=esp-idf | action=commit
2025-02-02 14:39:00 | WARN | repo=esp-idf | action=commit
2025-11-20 15:43:00 | WARN | repo=esp-idf | action=commit
2025-09-28 16:06:00 | DEBUG | repo=esp-idf | action=commit
2024-04-27 12:54:00 | INFO | repo=esp-idf | action=commit
2025-03-04 20:01:00 | DEBUG | repo=esp-idf | action=commit
2025-08-06 15:00:00 | INFO | repo=esp-idf | action=commit
2024-06-06 11:31:00 | INFO | repo=esp-idf | action=commit
2025-04-18 09:44:00 | DEBUG | repo=esp-idf | action=commit
2025-02-01 19:03:00 | WARN | repo=esp-idf | action=edit | files=3
2025-01-23 07:20:00 | INFO | repo=esp-idf | action=commit
2025-12-10 17:27:00 | WARN | repo=esp-idf | action=test | passed=true
2025-12-22 18:18:00 | DEBUG | repo=esp-idf | action=commit
2025-06-04 16:37:00 | DEBUG | repo=esp-idf | action=commit
2025-05-07 13:34:00 | WARN | repo=esp-idf | action=commit
2025-10-05 07:01:00 | INFO | repo=esp-idf | action=commit
2025-06-23 18:26:00 | INFO | repo=esp-idf | action=pull
2025-09-21 15:21:00 | WARN | repo=esp-idf | action=edit | files=2
2025-05-13 13:13:00 | WARN | repo=esp-idf | action=commit
2025-04-15 20:23:00 | WARN | repo=esp-idf | action=commit
2025-07-21 10:53:00 | INFO | repo=esp-idf | action=edit | files=5
2025-10-15 12:49:00 | INFO | repo=esp-idf | action=commit
2025-04-14 07:44:00 | DEBUG | repo=esp-idf | action=commit
2025-09-17 13:58:00 | WARN | repo=esp-idf | action=commit
2025-07-03 16:03:00 | INFO | repo=esp-idf | action=commit
2025-06-03 15:36:00 | WARN | repo=esp-idf | action=commit
2025-07-25 13:20:00 | INFO | repo=esp-idf | action=commit
2025-09-19 13:50:00 | DEBUG | repo=esp-idf | action=commit
2025-11-09 07:16:00 | INFO | repo=esp-idf | action=commit
2025-11-20 11:23:00 | INFO | repo=esp-idf | action=commit
2025-07-26 19:10:00 | DEBUG | repo=esp-idf | action=commit
2025-10-23 17:16:00 | INFO | repo=esp-idf | action=commit
2025-04-14 08:25:00 | INFO | repo=esp-idf | action=commit
2025-11-09 15:56:00 | WARN | repo=esp-idf | action=edit | files=1
2025-02-02 14:55:00 | WARN | repo=esp-idf | action=commit
2025-06-02 15:10:00 | INFO | repo=esp-idf | action=test | passed=true
2025-01-24 12:12:00 | DEBUG | repo=esp-idf | action=commit
2025-04-06 11:07:00 | DEBUG | repo=esp-idf | action=commit
2025-12-25 08:29:00 | WARN | repo=esp-idf | action=commit
2025-11-08 15:24:00 | INFO | repo=esp-idf | action=commit
2025-11-15 18:21:00 | DEBUG | repo=esp-idf | action=commit
2025-07-15 12:07:00 | DEBUG | repo=esp-idf | action=test | passed=true
2025-04-03 11:16:00 | WARN | repo=esp-idf | action=edit | files=3
2025-09-02 08:17:00 | WARN | repo=esp-idf | action=commit
2025-05-26 11:18:00 | DEBUG | repo=esp-idf | action=commit
2025-10-20 08:46:00 | INFO | repo=esp-idf | action=commit
2025-10-07 08:16:00 | INFO | repo=esp-idf | action=edit | files=3
2025-09-23 11:46:00 | INFO | repo=esp-idf | action=commit
2025-03-12 08:35:00 | WARN | repo=esp-idf | action=commit
2025-04-24 11:25:00 | DEBUG | repo=esp-idf | action=commit
2025-06-23 13:25:00 | WARN | repo=esp-idf | action=test | passed=true
2025-12-24 07:47:00 | DEBUG | repo=esp-idf | action=commit
2025-03-05 15:00:00 | DEBUG | repo=esp-idf | action=commit
2025-12-22 11:50:00 | INFO | repo=esp-idf | action=commit
2025-01-17 07:53:00 | INFO | repo=esp-idf | action=commit
2025-04-15 08:25:00 | INFO | repo=esp-idf | action=commit
2025-08-16 07:19:00 | INFO | repo=esp-idf | action=commit
2025-09-16 10:39:00 | INFO | repo=esp-idf | action=commit
2025-01-13 20:20:00 | INFO | repo=esp-idf | action=commit
2025-08-28 21:23:00 | DEBUG | repo=esp-idf | action=commit
2025-04-04 19:12:00 | INFO | repo=esp-idf | action=commit
2025-05-13 11:55:00 | WARN | repo=esp-idf | action=pull
2025-10-16 13:45:00 | DEBUG | repo=esp-idf | action=pull
2025-05-19 11:35:00 | DEBUG | repo=esp-idf | action=edit | files=2
2025-11-28 11:45:00 | WARN | repo=esp-idf | action=commit
2025-02-04 12:51:00 | INFO | repo=esp-idf | action=commit
2025-10-19 13:36:00 | WARN | repo=esp-idf | action=commit
2025-07-15 17:23:00 | WARN | repo=esp-idf | action=commit
2025-09-07 21:53:00 | WARN | repo=esp-idf | action=commit
2025-08-16 19:21:00 | DEBUG | repo=esp-idf | action=edit | files=1
2025-09-28 20:18:00 | INFO | repo=esp-idf | action=commit
2025-03-23 08:16:00 | DEBUG | repo=esp-idf | action=edit | files=2
2025-10-17 21:28:00 | WARN | repo=esp-idf | action=test | passed=true
2025-05-20 08:54:00 | WARN | repo=esp-idf | action=commit
2025-08-10 09:09:00 | DEBUG | repo=esp-idf | action=commit
2025-07-28 07:26:00 | INFO | repo=esp-idf | action=edit | files=3
2025-06-04 17:02:00 | DEBUG | repo=esp-idf | action=commit
2025-07-25 11:56:00 | WARN | repo=esp-idf | action=commit
2025-09-18 14:09:00 | DEBUG | repo=esp-idf | action=commit
2025-06-19 09:19:00 | INFO | repo=esp-idf | action=commit
2025-06-11 19:07:00 | DEBUG | repo=esp-idf | action=commit
2025-03-04 13:35:00 | INFO | repo=esp-idf | action=commit
2025-11-10 21:49:00 | INFO | repo=esp-idf | action=commit
2025-10-21 17:42:00 | INFO | repo=esp-idf | action=commit
2025-01-09 10:57:00 | DEBUG | repo=esp-idf | action=edit | files=4
2025-02-23 13:59:00 | WARN | repo=esp-idf | action=commit
2025-01-20 21:56:00 | INFO | repo=esp-idf | action=pull
2025-03-03 13:34:00 | INFO | repo=esp-idf | action=commit
2025-06-18 11:47:00 | DEBUG | repo=esp-idf | action=commit
2025-03-24 07:00:00 | DEBUG | repo=esp-idf | action=commit
2025-04-25 19:44:00 | INFO | repo=esp-idf | action=test | passed=true
2025-03-20 09:35:00 | INFO | repo=esp-idf | action=commit
2025-03-23 12:15:00 | WARN | repo=esp-idf | action=commit
2025-11-20 10:35:00 | WARN | repo=esp-idf | action=commit
2025-07-12 19:44:00 | WARN | repo=esp-idf | action=commit
2025-08-04 11:44:00 | DEBUG | repo=esp-idf | action=edit | files=5
2025-10-15 14:14:00 | INFO | repo=esp-idf | action=pull
2025-04-15 18:56:00 | DEBUG | repo=esp-idf | action=commit
2025-09-25 07:06:00 | INFO | repo=esp-idf | action=commit
2025-10-08 16:43:00 | WARN | repo=esp-idf | action=commit
2025-05-22 08:21:00 | INFO | repo=esp-idf | action=commit
2025-12-17 17:52:00 | INFO | repo=esp-idf | action=commit
2025-04-23 20:03:00 | WARN | repo=esp-idf | action=edit | files=2
2025-06-10 18:35:00 | INFO | repo=esp-idf | action=edit | files=1
2025-08-12 09:18:00 | WARN | repo=esp-idf | action=edit | files=4
2025-11-28 12:46:00 | DEBUG | repo=esp-idf | action=commit
2025-08-22 16:09:00 | DEBUG | repo=esp-idf | action=test | passed=true
2025-05-26 07:16:00 | WARN | repo=esp-idf | action=commit
2025-01-28 16:28:00 | INFO | repo=esp-idf | action=commit
2025-09-10 21:40:00 | DEBUG | repo=esp-idf | action=commit
2025-12-05 21:09:00 | INFO | repo=esp-idf | action=commit
2025-01-16 08:26:00 | INFO | repo=esp-idf | action=commit
2025-10-11 14:00:00 | WARN | repo=esp-idf | action=edit | files=2
2025-01-02 12:58:00 | DEBUG | repo=esp-idf | action=edit | files=4
2025-04-10 14:00:00 | WARN | repo=esp-idf | action=test | passed=true
2025-08-01 07:29:00 | WARN | repo=esp-idf | action=edit | files=5
2025-11-07 15:04:00 | DEBUG | repo=esp-idf | action=test | passed=true
2025-05-01 12:37:00 | INFO | repo=esp-idf | action=commit
2025-01-16 15:47:00 | DEBUG | repo=esp-idf | action=test | passed=true
2025-06-27 10:00:00 | DEBUG | repo=esp-idf | action=commit
2025-02-27 14:59:00 | WARN | repo=esp-idf | action=test | passed=true
2025-11-19 21:25:00 | DEBUG | repo=esp-idf | action=commit
2025-05-13 09:16:00 | DEBUG | repo=esp-idf | action=pull
2025-05-23 15:32:00 | DEBUG | repo=esp-idf | action=commit
2025-06-27 10:19:00 | DEBUG | repo=esp-idf | action=edit | files=2
2025-10-18 13:18:00 | DEBUG | repo=esp-idf | action=commit
2025-12-12 19:37:00 | INFO | repo=esp-idf | action=pull
2025-01-19 12:22:00 | DEBUG | repo=esp-idf | action=edit | files=2
2025-11-12 12:04:00 | DEBUG | repo=esp-idf | action=commit
2025-10-15 07:55:00 | DEBUG | repo=esp-idf | action=pull
2025-01-07 17:46:00 | INFO | repo=esp-idf | action=commit
2025-10-17 15:36:00 | WARN | repo=esp-idf | action=pull
2025-02-08 12:13:00 | INFO | repo=esp-idf | action=test | passed=true
2025-01-15 07:07:00 | DEBUG | repo=esp-idf | action=pull
2025-09-15 21:32:00 | DEBUG | repo=esp-idf | action=test | passed=true
2025-11-27 19:06:00 | DEBUG | repo=esp-idf | action=commit
2025-04-04 16:02:00 | DEBUG | repo=esp-idf | action=pull
2025-02-18 21:49:00 | WARN | repo=esp-idf | action=commit
2025-02-09 18:47:00 | WARN | repo=esp-idf | action=commit
2025-05-26 19:07:00 | WARN | repo=esp-idf | action=pull
2025-11-01 07:43:00 | INFO | repo=esp-idf | action=commit
2025-10-23 07:01:00 | INFO | repo=esp-idf | action=commit
2025-04-01 07:14:00 | DEBUG | repo=esp-idf | action=commit
2025-02-13 15:53:00 | WARN | repo=esp-idf | action=commit
2025-02-19 14:55:00 | WARN | repo=esp-idf | action=edit | files=4
2025-07-06 08:37:00 | WARN | repo=esp-idf | action=commit
2025-09-07 14:25:00 | DEBUG | repo=esp-idf | action=pull
2025-04-25 11:53:00 | DEBUG | repo=esp-idf | action=edit | files=1
2025-09-01 12:00:00 | INFO | repo=esp-idf | action=pull
2025-02-09 10:10:00 | WARN | repo=esp-idf | action=commit
2025-05-21 11:17:00 | DEBUG | repo=esp-idf | action=commit
2025-07-14 07:09:00 | DEBUG | repo=esp-idf | action=commit
2025-01-25 16:01:00 | INFO | repo=esp-idf | action=commit
2025-06-24 19:20:00 | WARN | repo=esp-idf | action=commit
2025-03-10 08:07:00 | DEBUG | repo=esp-idf | action=commit
2025-03-17 21:00:00 | INFO | repo=esp-idf | action=commit
2025-06-10 21:23:00 | WARN | repo=esp-idf | action=commit
2025-10-10 11:49:00 | WARN | repo=esp-idf | action=pull
2025-02-16 07:19:00 | DEBUG | repo=esp-idf | action=commit
2025-10-03 13:08:00 | DEBUG | repo=esp-idf | action=commit
2025-07-05 14:38:00 | WARN | repo=esp-idf | action=edit | files=3
2025-03-17 11:35:00 | DEBUG | repo=esp-idf | action=commit
2025-05-01 16:32:00 | INFO | repo=esp-idf | action=commit
2025-02-01 16:59:00 | DEBUG | repo=esp-idf | action=pull
2025-08-02 21:55:00 | DEBUG | repo=esp-idf | action=commit
2025-08-28 20:03:00 | DEBUG | repo=esp-idf | action=commit
2025-07-23 14:03:00 | INFO | repo=esp-idf | action=edit | files=1
2025-11-07 21:24:00 | DEBUG | repo=esp-idf | action=commit
2025-01-27 14:11:00 | INFO | repo=esp-idf | action=commit
2025-06-01 20:11:00 | DEBUG | repo=esp-idf | action=commit
2025-01-16 11:43:00 | INFO | repo=esp-idf | action=edit | files=1
2025-06-23 18:30:00 | DEBUG | repo=esp-idf | action=commit
2025-06-16 15:46:00 | INFO | repo=esp-idf | action=commit
2025-03-10 08:51:00 | DEBUG | repo=esp-idf | action=commit
2025-09-08 17:13:00 | WARN | repo=esp-idf | action=commit
2025-11-25 15:21:00 | INFO | repo=esp-idf | action=commit
2025-06-06 19:52:00 | DEBUG | repo=esp-idf | action=edit | files=3
2025-11-05 08:59:00 | INFO | repo=esp-idf | action=edit | files=5
2025-08-14 15:43:00 | WARN | repo=esp-idf | action=test | passed=true
2025-08-05 20:15:00 | INFO | repo=esp-idf | action=pull
2025-04-01 10:51:00 | INFO | repo=esp-idf | action=pull
2025-01-06 10:45:00 | INFO | repo=esp-idf | action=edit | files=4
2025-01-08 15:44:00 | WARN | repo=esp-idf | action=commit
2025-01-23 07:21:00 | WARN | repo=esp-idf | action=pull
2025-01-18 17:00:00 | INFO | repo=esp-idf | action=commit
2025-05-20 18:10:00 | WARN | repo=esp-idf | action=commit
2025-12-19 08:32:00 | DEBUG | repo=esp-idf | action=edit | files=3
2025-11-19 10:34:00 | DEBUG | repo=esp-idf | action=edit | files=4
2025-10-18 20:05:00 | WARN | repo=esp-idf | action=edit | files=1
2025-11-27 18:08:00 | INFO | repo=esp-idf | action=commit
2025-09-26 21:27:00 | WARN | repo=esp-idf | action=commit
2025-12-14 17:19:00 | INFO | repo=esp-idf | action=edit | files=4
2025-10-24 19:57:00 | INFO | repo=esp-idf | action=commit
2025-01-20 07:50:00 | WARN | repo=esp-idf | action=commit
2025-06-12 19:36:00 | DEBUG | repo=esp-idf | action=edit | files=3
2025-05-19 10:03:00 | DEBUG | repo=esp-idf | action=commit
2025-03-26 17:59:00 | WARN | repo=esp-idf | action=commit
2025-07-16 08:42:00 | DEBUG | repo=esp-idf | action=commit
2025-12-15 13:34:00 | DEBUG | repo=esp-idf | action=commit
2025-09-03 19:23:00 | INFO | repo=esp-idf | action=commit
2025-04-19 11:51:00 | WARN | repo=esp-idf | action=commit
2025-05-22 07:09:00 | DEBUG | repo=esp-idf | action=commit
2025-06-25 08:13:00 | WARN | repo=esp-idf | action=commit
2025-09-04 18:16:00 | WARN | repo=esp-idf | action=edit | files=2
2025-02-21 14:38:00 | WARN | repo=esp-idf | action=test | passed=true
2025-07-07 07:16:00 | WARN | repo=esp-idf | action=commit
2025-06-25 20:25:00 | DEBUG | repo=esp-idf | action=commit
2025-02-20 13:21:00 | DEBUG | repo=esp-idf | action=edit | files=3
2025-02-25 15:55:00 | WARN | repo=esp-idf | action=commit
2025-01-12 21:34:00 | INFO | repo=esp-idf | action=commit
2025-03-28 14:57:00 | INFO | repo=esp-idf | action=commit
2025-03-03 07:27:00 | DEBUG | repo=esp-idf | action=commit
2025-12-26 15:51:00 | WARN | repo=esp-idf | action=test | passed=true
2025-01-26 19:23:00 | DEBUG | repo=esp-idf | action=commit
2025-01-06 07:32:00 | INFO | repo=esp-idf | action=commit
2025-10-13 10:26:00 | WARN | repo=esp-idf | action=edit | files=3
2025-09-13 07:12:00 | WARN | repo=esp-idf | action=commit
2025-06-25 08:54:00 | INFO | repo=esp-idf | action=commit
2025-12-27 21:59:00 | DEBUG | repo=esp-idf | action=commit
2025-01-23 11:04:00 | DEBUG | repo=esp-idf | action=pull
2025-04-25 20:05:00 | WARN | repo=esp-idf | action=commit
2025-05-25 18:59:00 | INFO | repo=esp-idf | action=commit
2025-02-13 14:21:00 | INFO | repo=esp-idf | action=test | passed=true
2025-12-23 13:55:00 | WARN | repo=esp-idf | action=edit | files=4
2025-02-12 08:23:00 | DEBUG | repo=esp-idf | action=pull
2025-12-02 17:08:00 | WARN | repo=esp-idf | action=test | passed=true
2025-06-09 08:45:00 | INFO | repo=esp-idf | action=pull
2025-02-04 13:37:00 | INFO | repo=esp-idf | action=commit
2025-08-14 13:09:00 | DEBUG | repo=esp-idf | action=commit
2025-05-16 17:06:00 | DEBUG | repo=esp-idf | action=edit | files=2
2025-01-17 10:06:00 | DEBUG | repo=esp-idf | action=commit
2025-12-24 08:09:00 | DEBUG | repo=esp-idf | action=edit | files=4
2025-01-22 13:22:00 | INFO | repo=esp-idf | action=commit
2025-08-01 09:31:00 | WARN | repo=esp-idf | action=commit
2025-11-11 21:16:00 | WARN | repo=esp-idf | action=commit
2025-03-11 10:07:00 | INFO | repo=esp-idf | action=test | passed=true
2025-05-12 21:30:00 | DEBUG | repo=esp-idf | action=pull
2025-10-05 19:15:00 | WARN | repo=esp-idf | action=commit
2025-04-11 07:13:00 | INFO | repo=esp-idf | action=commit
2025-03-02 18:05:00 | INFO | repo=esp-idf | action=commit
2025-10-16 11:02:00 | WARN | repo=esp-idf | action=commit
2025-10-18 07:36:00 | WARN | repo=esp-idf | action=commit
2025-01-24 11:33:00 | DEBUG | repo=esp-idf | action=pull
2025-04-24 20:22:00 | DEBUG | repo=esp-idf | action=test | passed=true
2025-06-18 21:44:00 | DEBUG | repo=esp-idf | action=commit
2025-07-25 11:57:00 | WARN | repo=esp-idf | action=edit | files=1
2025-12-23 14:22:00 | DEBUG | repo=esp-idf | action=commit
2025-03-08 16:52:00 | WARN | repo=esp-idf | action=commit
2025-01-14 10:52:00 | DEBUG | repo=esp-idf | action=pull
2025-09-23 21:49:00 | DEBUG | repo=esp-idf | action=edit | files=3
2025-09-23 08:43:00 | DEBUG | repo=esp-idf | action=pull
2025-07-24 18:01:00 | DEBUG | repo=esp-idf | action=test | passed=true
2025-03-15 13:32:00 | WARN | repo=esp-idf | action=commit
2025-08-13 12:59:00 | DEBUG | repo=esp-idf | action=commit
2025-11-27 18:16:00 | INFO | repo=esp-idf | action=edit | files=2
2025-05-11 08:03:00 | DEBUG | repo=esp-idf | action=commit
2025-03-21 16:50:00 | WARN | repo=esp-idf | action=commit
